// Jest Snapshot v1, https://goo.gl/fbAQLP

exports[`listing page snapshot 1`] = `
<div>
  <h1>
    This is the listing page
  </h1>
</div>
`;
